// Jest Snapshot v1, https://goo.gl/fbAQLP

exports[`Renders Correctly 1`] = `
<section
  class="flex flex-col items-center justify-around col-span-2 px-4 py-5 text-center bg-white shadow-md lg:col-span-1 rounded-shape-xl sm:px-6 sm:flex-row sm:justify-between sm:text-left lg:px-6"
>
  <div
    class="flex-shrink text-center sm:text-left"
  >
    <router-link-stub
      class="text-xs font-bold leading-tight tracking-widest uppercase font-heading text-main-700"
      to="/leagues/undefined"
    >
      
      
    
    </router-link-stub>
     
    <h2
      class="mt-1 mb-2 text-3xl font-bold leading-tight tracking-tight text-gray-900 font-heading sm:tracking-normal"
    >
      
      Bob Jones
    
    </h2>
     
    <p
      class="text-lg leading-tight text-gray-500 font-heading"
    >
      
      Red
      
      <span
        class="mx-1"
      >
        
        -
      
      </span>
      
      M40
      
      <span
        class="mx-1"
      >
        
        -
      
      </span>
      
      HAT
    
    </p>
  </div>
   
  <router-link-stub
    class="inline-block w-auto px-3 py-2 mt-3 text-base leading-tight whitespace-no-wrap transition duration-300 ease-in-out select-none text-main-700 font-heading rounded-shape hover:text-main-800 focus:text-main-800 sm:my-0 hover:bg-main-100 focus:bg-main-100 sm:mr-0 sm:ml-4"
    to="/competitors/7"
  >
    View Results â†’
  </router-link-stub>
</section>
`;
