// Jest Snapshot v1, https://goo.gl/fbAQLP

exports[`Renders Correctly 1`] = `
<section
  class="w-full pt-8 pb-10 bg-gray-100 border-t border-main-100"
>
  <div
    class="flex flex-row flex-wrap justify-between w-10/12 mx-auto mb-4 xl:w-3/4"
  >
    <h2
      class="inline-block py-2 text-lg leading-6 tracking-wide uppercase font-heading text-main-600"
    >
      
      Leagues
    
    </h2>
     
    <router-link-stub
      class="inline-block px-4 pt-2 text-sm leading-6 tracking-wide text-right uppercase transition duration-300 text-main-600 font-heading hover:bg-main-100 focus:bg-main-100 rounded-shape"
      to="/leagues"
    >
      
      View All Leagues â†’
    
    </router-link-stub>
  </div>
   
  <div
    class="grid w-10/12 grid-cols-2 gap-8 mx-auto xl:w-3/4 md:grid-cols-3"
  >
    <section
      class="flex flex-col items-center justify-around col-span-2 px-4 pt-6 pb-4 text-center bg-white shadow-md md:col-span-1 md:px-3 xl:px-4 rounded-shape-xl"
    >
       
      <h2
        class="mt-2 mb-4 text-2xl font-bold leading-6 xl:text-25xl font-heading text-main-900"
      >
        
    (Not) Sprintelope
  
      </h2>
       
      <p
        class="mb-2 leading-5 text-opacity-75 text-main-900 font-heading"
      >
        
     Socially Distant Sprint/ Urban Orienteering Around Edinburgh
  
      </p>
       
      <router-link-stub
        class="mt-3 button"
        to="/leagues/(Not) Sprintelope 2020"
      >
        View League
      </router-link-stub>
    </section>
     
    <section
      class="flex flex-col items-center justify-around col-span-2 px-4 pt-6 pb-4 text-center bg-white shadow-md md:col-span-1 md:px-3 xl:px-4 rounded-shape-xl"
    >
       
      <h2
        class="mt-2 mb-4 text-2xl font-bold leading-6 xl:text-25xl font-heading text-main-900"
      >
        
    Fight with the Night
  
      </h2>
       
      <p
        class="mb-2 leading-5 text-opacity-75 text-main-900 font-heading"
      >
        
    Thursday Night Orienteering Events Around Edinburgh
  
      </p>
       
      <router-link-stub
        class="mt-3 button"
        to="/leagues/Fight with the Night 19-20"
      >
        View League
      </router-link-stub>
    </section>
     
    <section
      class="flex flex-col items-center justify-around col-span-2 px-4 pt-6 pb-4 text-center bg-white shadow-md md:col-span-1 md:px-3 xl:px-4 rounded-shape-xl"
    >
       
      <h2
        class="mt-2 mb-4 text-2xl font-bold leading-6 xl:text-25xl font-heading text-main-900"
      >
        
    Northern Night Cup
  
      </h2>
       
      <p
        class="mb-2 leading-5 text-opacity-75 text-main-900 font-heading"
      >
        
    Night Orienteering Events in the North of Scotland
  
      </p>
       
      <router-link-stub
        class="mt-3 button"
        to="/leagues/Northern Night Cup 19-20"
      >
        View League
      </router-link-stub>
    </section>
  </div>
</section>
`;
