// Jest Snapshot v1, https://goo.gl/fbAQLP

exports[`Renders Correctly 1`] = `
<div
  id="accordion"
>
  <div
    class="accordion-head"
  >
    <h2>
      
    </h2>
     
    <svg
      class=""
      viewBox="0 0 24 24"
    >
      <path
        d="M7.41 8.59L12 13.17l4.59-4.58L18 10l-6 6-6-6 1.41-1.41z"
      />
       
      <path
        d="M0 0h24v24H0V0z"
        fill="none"
      />
    </svg>
  </div>
   
  <!---->
</div>
`;
