// Jest Snapshot v1, https://goo.gl/fbAQLP

exports[`Renders Correctly 1`] = `
<div
  includeblank="true"
>
  <label
    class="block pb-1 text-gray-600 select-none font-heading"
    for=""
  >
    
    
  
  </label>
   
  <div
    class="relative"
  >
    <span
      class="absolute inset-y-0 right-0 flex items-center pr-2 pointer-events-none"
    >
      <svg
        class="w-5 h-5 text-gray-400"
        fill="none"
        stroke="currentColor"
        viewBox="0 0 24 24"
      >
        <path
          d="M19 9l-7 7-7-7"
          stroke-linecap="round"
          stroke-linejoin="round"
          stroke-width="1.5"
        />
      </svg>
    </span>
     
    <select
      class="w-full px-3 py-2 font-sans text-gray-900 transition duration-300 ease-in-out bg-white border outline-none appearance-none rounded-shape focus:shadow-outline focus:border-main"
      id=""
    >
      <option />
       
      <option
        value="Item 1"
      >
        
          Item 1
        
      </option>
      <option
        value="Item 2"
      >
        
          Item 2
        
      </option>
      <option
        value="Item 3"
      >
        
          Item 3
        
      </option>
    </select>
  </div>
</div>
`;
