// Jest Snapshot v1, https://goo.gl/fbAQLP

exports[`Renders Correctly 1`] = `
<div>
  <label
    class="block pb-1 text-gray-600 select-none font-heading"
    for="Test"
  >
    Test
  </label>
   
  <input
    class="w-full px-3 py-2 font-sans text-gray-900 transition duration-300 ease-in-out bg-white border outline-none appearance-none rounded-shape focus:shadow-outline focus:border-main"
    id="Test"
    max="5"
    min="10"
    type="number"
  />
</div>
`;
