// Jest Snapshot v1, https://goo.gl/fbAQLP

exports[`Renders Correctly 1`] = `
<div
  class="mt-3 mb-6 bg-white rounded-shape-xl my-shadow accordion"
>
  <div
    class="accordion-head"
  >
    <h2
      class="inline-block h-12 p-2 px-4 text-2xl select-none font-heading text-main"
    >
      
      Filter
    
    </h2>
     
    <svg
      class="float-right h-12 p-2 fill-current text-main"
      viewBox="0 0 24 24"
    >
      <path
        d="M7.41 8.59L12 13.17l4.59-4.58L18 10l-6 6-6-6 1.41-1.41z"
      />
       
      <path
        d="M0 0h24v24H0V0z"
        fill="none"
      />
    </svg>
  </div>
   
  <div
    class="p-3 pt-0 pb-1 accordion-body"
    name="shrink"
    style="display: none;"
  >
    <div
      class="relative text-input top--4 inline-block w-full md:w-1/2 md:pr-2"
    >
      <label
        class="relative p-1 pb-0 mx-3 text-sm bg-white select-none font-heading text-main bottom--3"
      >
        Name:
      </label>
       
      <input
        class="w-full px-4 py-2 border outline-none border-main rounded-shape text-body"
        type="text"
      />
    </div>
     
    <div
      class="relative text-input top--4 inline-block w-full md:w-1/2 md:pl-2"
    >
      <label
        class="relative p-1 pb-0 mx-3 text-sm bg-white select-none font-heading text-main bottom--3"
      >
        Club:
      </label>
       
      <input
        class="w-full px-4 py-2 border outline-none border-main rounded-shape text-body"
        type="text"
      />
    </div>
     
    <div
      class="relative appearance-none text-input top--4 inline-block w-1/2 pr-2 md:w-1/4 md:-mb-4"
    >
      <label
        class="relative p-1 pb-0 mx-3 text-sm bg-white select-none font-heading text-main bottom--3"
      >
        Min Age:
      </label>
       
      <input
        class="w-full px-4 py-2 border outline-none appearance-none border-main rounded-shape text-body"
        max="120"
        min="0"
        type="number"
      />
    </div>
     
    <div
      class="relative appearance-none text-input top--4 inline-block w-1/2 pl-2 md:w-1/4 md:-mb-4"
    >
      <label
        class="relative p-1 pb-0 mx-3 text-sm bg-white select-none font-heading text-main bottom--3"
      >
        Max Age:
      </label>
       
      <input
        class="w-full px-4 py-2 border outline-none appearance-none border-main rounded-shape text-body"
        max="120"
        min="0"
        type="number"
      />
    </div>
     
    <div
      class="mt-3 checkbox-input inline-block w-1/2 pr-2 text-center md:w-1/4"
    >
      <label
        class="select-none text-md font-heading text-main"
      >
        
    Male:
    
        <input
          class="hidden"
          type="checkbox"
        />
         
        <span />
      </label>
    </div>
     
    <div
      class="mt-3 checkbox-input inline-block w-1/2 pl-2 text-center md:w-1/4"
    >
      <label
        class="select-none text-md font-heading text-main"
      >
        
    Female:
    
        <input
          class="hidden"
          type="checkbox"
        />
         
        <span />
      </label>
    </div>
  </div>
</div>
`;
