// Jest Snapshot v1, https://goo.gl/fbAQLP

exports[`Renders Correctly 1`] = `
<div
  class="w-10/12 mx-auto md:w-3/4 xl:w-2/3 md:mt-2"
>
  <h1
    class="my-2 text-3xl font-bold md:text-35xl font-heading text-main-700"
  >
    
    Hello World!
  
  </h1>
   
  <div
    class="grid grid-cols-2 gap-8 mb-4 md:gap-6 lg:gap-8"
  />
</div>
`;
