// Jest Snapshot v1, https://goo.gl/fbAQLP

exports[`Get Competitor - Error 1`] = `<!---->`;

exports[`Renders Correctly 1`] = `<!---->`;
