// Jest Snapshot v1, https://goo.gl/fbAQLP

exports[`Renders Correctly + Fetches Data 1`] = `
<div>
  <vue-headful-stub
    description="Results from the 200m event of the Justice league on Munro - League Results. Sorted. Sports League Results Calculated Quick and Easily, with Results Sorting and Filtering Options"
    head="[object Object]"
    title="Munro - 200m Event Results"
    url="https://munro-leagues.herokuapp.com/events/undefined"
  />
   
  <!---->
   
  <layout-stub
    title=""
  >
    <vue-headful-stub
      description="Page Not Found on Munro - League Results. Sorted. Sports League Results Calculated Quick and Easily, with Results Sorting and Filtering Options"
      head="[object Object]"
      title="Munro - I'm Lost"
    />
     
    <div
      class="w-full col-span-2 text-center"
    >
      <img
        alt="Person Lost looking at Map"
        class="inline-block w-full mt-8 md:w-2/3 xl:w-7/12 max-h-112"
        src="@/assets/images/UndrawLost.svg"
      />
       
      <h1
        class="mt-8 text-4xl font-bold text-main-900 md:mt-12 md:text-5xl leading-12"
      >
        
      Sorry, I'm Lost
    
      </h1>
       
      <h2
        class="mt-4 text-lg text-opacity-75 md:text-xl text-main-900"
      >
        
      I can't currently find what you are looking for, the link might be
      broken or the page may have moved.
    
      </h2>
       
      <p
        class="mt-8 text-lg text-opacity-75 md:text-xl md:mt-12 text-main-900 font-heading"
      >
        
      Try Looking Here:
    
      </p>
       
      <div
        class="mt-1"
      >
        <router-link-stub
          class="inline-block px-4 py-2 mx-2 mt-2 text-xl transition duration-300 bg-main-100 text-main-800 rounded-shape hover:bg-main-200"
          to="/"
        >
          Home
        </router-link-stub>
         
        <router-link-stub
          class="inline-block px-4 py-2 mx-2 mt-2 text-xl transition duration-300 bg-main-100 text-main-800 rounded-shape hover:bg-main-200"
          to="/leagues"
        >
          Leagues
        </router-link-stub>
         
        <router-link-stub
          class="inline-block px-4 py-2 mx-2 mt-2 text-xl transition duration-300 bg-main-100 text-main-800 rounded-shape hover:bg-main-200"
          to="/latest-results"
        >
          Latest Results
        </router-link-stub>
      </div>
    </div>
  </layout-stub>
</div>
`;
