// Jest Snapshot v1, https://goo.gl/fbAQLP

exports[`Renders Correctly 1`] = `
<div
  class="view"
>
  <vue-headful-stub
    description="League Results on Munro, the Fast and Easy Results System for Orienteering Leagues. A simple way to calculate the results for orienteering leagues, with search and sort features"
    head="[object Object]"
    title="Munro - Leagues"
    url="https://munro-leagues.herokuapp.com/leagues"
  />
   
  <h1
    class="text-3xl font-normal text-main font-heading"
  >
    Leagues
  </h1>
   
  <div
    class="flex flex-row flex-wrap"
  />
</div>
`;
